// Jest Snapshot v1, https://goo.gl/fbAQLP

exports[`product tests showing component successful 1`] = `
<div
  className="col-lg-3 col-md-4 col-sm-2 col-12 mb-4"
  key="1"
>
  <div
    className="card border-0 shadow custom-card"
  >
    <a
      target="_blank"
    >
      <img
        alt="Imagen"
        className="imagen"
      />
    </a>
    <div
      className="card-body"
    >
      <p
        className="card-text"
      />
    </div>
  </div>
</div>
`;
